Unity Editor version:    6000.6.0f1 (f7f8ed4d1e24)
Branch:                  6000.6/respin/6000.6.0f1-fa21a270ab12
Build type:              Release
Batch mode:              YES
macOS version:           Version 26.6.2 (Build 25G83)
Darwin version:          25.6.0
Architecture:            arm64
Running under Rosetta:   NO
Available memory:        16384 MB
Date:                    2026-09-20T11:15:58Z
[Licensing::Module] Trying to connect to existing licensing client channel...
[Licensing::IpcConnector] Successfully connected to: "LicenseClient-yujinahn" at "2026-09-20T11:15:58.013608Z"
Initialising UDS system complete:
  - System type: Client
  - Resource namespace: 59fe54e4b4a260e8ddb3de6d589cd8cc
  - Shared memory size: 1073741824
  - Command buffer id: 1052672
  - Command buffer size: 8192
  - Hashmap size: 4194304
  - Service connected: true
  - Service working directory: Library/DataStore/

COMMAND LINE ARGUMENTS:
/Applications/Unity/Hub/Editor/6000.6.0f1/Unity.app/Contents/MacOS/Unity
-adb2
-batchMode
-noUpm
-name
AssetImportWorkerHW0
-projectPath
/Users/yujinahn/Documents/GitHub/CG_2528016/S03
-logFile
Logs/AssetImportWorkerHW0.log
-srvPort
65134
-parentPid
41827
-analyticsCloudUserId
anonymous
-analyticsCloudProjectId
887c6aba-7f62-458c-96e4-aa5520678f42
-analyticsLocalProjectId
3f581c7ea1d6d4c658459b5b7b0b86ee
-editorAnalyticsEnabled
1
-cbmEditorLicense
3436389c0911d9a2107ae9e701511f21c700a2b9
-cbmMachineId
nppAelVOzBeiua0UUBejf73oZo4=
-licensingIpc
LicenseClient-yujinahn
-noDiagnosticSwitchPersistentStore
-job-worker-count
4
-background-job-worker-count
8
-asset-garbage-collectors
1
-force-metal
-name AssetImport
Successfully changed project path to: /Users/yujinahn/Documents/GitHub/CG_2528016/S03
/Users/yujinahn/Documents/GitHub/CG_2528016/S03
[UnityMemory] Configuration Parameters - Can be set up in boot.config
    "memorysetup-temp-allocator-size-gi-baking-worker=262144"
    "memorysetup-temp-allocator-size-gi-baking-worker=262144"
    "memorysetup-temp-allocator-size-gi-baking-worker=262144"
    "memorysetup-temp-allocator-size-gi-baking-worker=262144"
    "memorysetup-temp-allocator-size-gi-baking-worker=262144"
    "memorysetup-temp-allocator-size-nav-mesh-worker=65536"
    "memorysetup-temp-allocator-size-audio-worker=65536"
    "memorysetup-temp-allocator-size-cloud-worker=32768"
    "memorysetup-temp-allocator-size-preload-manager=33554432"
    "memorysetup-remapper-allocator-initial-capacity=32768"
    "memorysetup-temp-allocator-size-gfx=262144"
    "memorysetup-allocator-temp-initial-block-size-main=262144"
    "memorysetup-allocator-temp-initial-block-size-worker=262144"
    "memorysetup-temp-allocator-size-background-worker=32768"
    "memorysetup-temp-allocator-size-job-worker=262144"
    "memorysetup-bucket-allocator-granularity=16"
    "memorysetup-bucket-allocator-bucket-count=8"
    "memorysetup-bucket-allocator-block-size=33554432"
    "memorysetup-bucket-allocator-block-count=8"
    "memorysetup-main-allocator-block-size=16777216"
    "memorysetup-thread-allocator-block-size=16777216"
    "memorysetup-main-allocator-mimalloc-enabled=1"
    "memorysetup-gfx-main-allocator-block-size=16777216"
    "memorysetup-gfx-thread-allocator-block-size=16777216"
    "memorysetup-cache-allocator-block-size=4194304"
    "memorysetup-typetree-allocator-block-size=2097152"
    "memorysetup-profiler-bucket-allocator-granularity=16"
    "memorysetup-profiler-bucket-allocator-bucket-count=8"
    "memorysetup-profiler-bucket-allocator-block-size=33554432"
    "memorysetup-profiler-bucket-allocator-block-count=8"
    "memorysetup-profiler-allocator-block-size=16777216"
    "memorysetup-profiler-editor-allocator-block-size=1048576"
    "memorysetup-temp-allocator-size-main=16777216"
    "memorysetup-job-temp-allocator-block-size=2097152"
    "memorysetup-job-temp-allocator-block-size-background=1048576"
    "memorysetup-job-temp-allocator-reduction-small-platforms=262144"
Player connection [8491655552]  Target information:

Player connection [8491655552]  * "[IP] 10.240.23.158 [Port] 0 [Flags] 2 [Guid] 1530159876 [EditorId] 1530159876 [Version] 1048832 [Id] OSXEditor(0,Yujins-MacBook-Pro.local) [Debug] 1 [PackageName] OSXEditor [ProjectName] Editor" 

Player connection [8491655552] Host joined multi-casting on [225.0.0.222:54997]...
Player connection [8491655552] Host joined alternative multi-casting on [225.0.0.222:34997]...
JobSystem: Creating JobQueue using job-worker-count value 4
Input System module state changed to: Initialized.
[Physics::Module] Initialized fallback backend.
[Physics::Module] Id: 0xdecafbad
Library Redirect Path: Library/
[Licensing::Client] Handshaking with LicensingClient:
  Version:                 1.18.3+d7ffd15
  Session Id:              ea2518d0079d4547ba843d22618721aa
  Correlation Id:          70133e684531c739c376781d98f2795f
  External correlation Id: 4087355472217499091
  Machine Id:              nppAelVOzBeiua0UUBejf73oZo4=
[Licensing::Module] Successfully connected to LicensingClient on channel: "LicenseClient-yujinahn" (connect: 0.00s, validation: 0.01s, handshake: 0.34s)
[Licensing::IpcConnector] Successfully connected to: "LicenseClient-yujinahn-notifications" at "2026-09-20T11:15:58.357671Z"
[Licensing::Module] Licensing Background thread has ended after 0.34s
[Physics::Module] Selected backend.
[Physics::Module] Name: PhysX
[Physics::Module] Id: 0xf2b8ea05
[Physics::Module] SDK Version: 4.1.2
[Physics::Module] Integration Version: 1.0.0
[Physics::Module] Threading Mode: Multi-Threaded
Refreshing native plugins compatible for Editor in 3.84 ms, found 2 plugins.
Initialize engine version: 6000.6.0f1 (f7f8ed4d1e24)
[EntityIdStore] init: VM path (explicit commit), pageSize=16384, blockCount=262144, entitiesPerBlock=1024, slots reserved=4294967296 bytes
[Subsystems] Discovering subsystems at path /Applications/Unity/Hub/Editor/6000.6.0f1/Unity.app/Contents/Resources/UnitySubsystems
[Subsystems] Discovering subsystems at path /Users/yujinahn/Documents/GitHub/CG_2528016/S03/Assets
Forcing GfxDevice: Metal
GfxDevice: creating device client; kGfxThreadingModeNonThreaded
 preferred device: Apple M4 (high power)
Metal devices available: 1
0: Apple M4 (high power)
Using device Apple M4 (high power)
Initializing Metal device caps: Apple M4
Mac GPU Family: 2
Apple GPU Family: 9
MSL Version: 3.0
Has Float MSAA: 1
Has Float Filtering: 1
ReadWrite Texture Tier: 2
Initialize mono
Mono path[0] = '/Applications/Unity/Hub/Editor/6000.6.0f1/Unity.app/Contents/Resources/Scripting/Managed'
Mono path[1] = '/Applications/Unity/Hub/Editor/6000.6.0f1/Unity.app/Contents/Resources/Scripting/BCLExtensions/runtime/netstandard2.1'
Mono path[2] = '/Applications/Unity/Hub/Editor/6000.6.0f1/Unity.app/Contents/Resources/Scripting/MonoBleedingEdge/lib/mono/unityjit-macos'
Mono config path = '/Applications/Unity/Hub/Editor/6000.6.0f1/Unity.app/Contents/Resources/Scripting/MonoBleedingEdge/etc'
Using monoOptions --debugger-agent=transport=dt_socket,embedding=1,server=y,suspend=n,address=127.0.0.1:56139
CodeReloadManager initialized
Begin MonoManager ReloadAssembly
Registering precompiled unity dll's ...
Register platform support module: /Applications/Unity/Hub/Editor/6000.6.0f1/PlaybackEngines/WebGLSupport/UnityEditor.WebGL.Extensions.dll
Register platform support module: /Applications/Unity/Hub/Editor/6000.6.0f1/PlaybackEngines/MacStandaloneSupport/UnityEditor.OSXStandalone.Extensions.dll
Registered in 0.000779 seconds.
Native extension for OSXStandalone target not found
Native extension for WebGL target not found
Package Manager log level set to [2]
[Package Manager] Failed to launch server process. Reason: Unity was launched with the -noUpm command-line argument
[Package Manager] Unable to send message (not connected to server process).
[Package Manager] Cannot connect to Unity Package Manager local server
ScheduleIndexationOnStartup MainProcess:False IndexOnStartup:True
Scripting: successfully reloaded assembly
- Finished resetting the current domain, in  0.426 seconds
Domain Reload Profiling: 697ms
	BeginReloadAssembly (46ms)
	RebuildCommonClasses (3ms)
	RebuildNativeTypeToScriptingClass (9ms)
	initialDomainReloadingComplete (32ms)
	LoadAllAssembliesAndSetupDomain (180ms)
		LoadAssemblies (46ms)
		TypeCache.Refresh (128ms)
			TypeCache.ScanAssembly (117ms)
		AnalyzeDomain (1ms)
	FinalizeReload (427ms)
		SetupLoadedEditorAssemblies (0ms)
			BeforeProcessingInitializeOnLoad (52ms)
			ProcessInitializeOnLoadAttributes (47ms)
			ProcessInitializeOnLoadMethodAttributes (268ms)
Initializing Unity extensions:
[Licensing::Client] Successfully resolved entitlement details
[Licensing::Module] License group:
  Id: 14569794552827-UnityPersXXXX
  Product: Unity Personal
  Type: Assigned
  Expiration: Unlimited
[CoreBusinessMetrics] Unexpected thread when updating session info.
[CoreBusinessMetrics] Unexpected thread when updating session info.
========================================================================
Worker process is ready to serve import requests
Import Worker Mode flag is 0x00
Begin MonoManager ReloadAssembly
'Packages/com.unity.render-pipelines.core/Editor/Deprecated.cs' contains partial class of Unity.Object, exactly 1 of the partial classes needs to be in a file with the same filename. This is to know the one that can be referenced from ie. GameObjects
'Packages/com.unity.render-pipelines.core/Editor/Deprecated.cs' contains partial class of Unity.Object, exactly 1 of the partial classes needs to be in a file with the same filename. This is to know the one that can be referenced from ie. GameObjects
Native extension for OSXStandalone target not found
Native extension for WebGL target not found
[Package Manager] Failed to launch server process. Reason: Unity was launched with the -noUpm command-line argument
[Package Manager] Unable to send message (not connected to server process).
[Package Manager] Cannot connect to Unity Package Manager local server
[Package Manager] Failed to launch server process. Reason: Unity was launched with the -noUpm command-line argument
[Package Manager] Unable to send message (not connected to server process).
[Package Manager] Cannot connect to Unity Package Manager local server
ScheduleIndexationOnStartup MainProcess:False IndexOnStartup:True
Scripting: successfully reloaded assembly
- Finished resetting the current domain, in  0.382 seconds
Domain Reload Profiling: 829ms
	BeginReloadAssembly (88ms)
		DisableScriptedObjects (4ms)
		CreateAndSetChildDomain (13ms)
	RebuildCommonClasses (5ms)
	RebuildNativeTypeToScriptingClass (9ms)
	initialDomainReloadingComplete (26ms)
	LoadAllAssembliesAndSetupDomain (318ms)
		LoadAssemblies (144ms)
		TypeCache.Refresh (103ms)
			TypeCache.ScanAssembly (92ms)
		AnalyzeDomain (32ms)
			BuildScriptInfoCaches (29ms)
	FinalizeReload (382ms)
		SetupLoadedEditorAssemblies (0ms)
			BeforeProcessingInitializeOnLoad (56ms)
			ProcessInitializeOnLoadAttributes (145ms)
			ProcessInitializeOnLoadMethodAttributes (31ms)
		AwakeInstancesAfterBackupRestoration (4ms)
AcceleratorClientConnectionCallback - disconnected - :0
WARNING: Shader Unsupported: 'Universal Render Pipeline/VR/SpatialMapping/Wireframe' - All subshaders removed
WARNING: Shader Did you use #pragma only_renderers and omit this platform?
WARNING: Shader If subshaders removal was intentional, you may have forgotten turning Fallback off?
Shader Hidden/ChartRasterizerHardware is not supported: GPU does not support conservative rasterization
Shader Hidden/ChartRasterizerHardware is not supported: GPU does not support conservative rasterization
Launching external process: /Applications/Unity/Hub/Editor/6000.6.0f1/Unity.app/Contents/Helpers/UnityShaderCompiler
Launched and connected shader compiler UnityShaderCompiler after 0.01 seconds
Unloading 63 Unused Serialized files (Serialized files now loaded: 0)
Unloading 6611 unused Assets / (8.2 MB). Loaded Objects now: 7466.
Memory consumption went from 184.7 MB to 176.5 MB.
Total: 6.718166 ms (FindLiveObjects: 0.612167 ms CreateObjectMapping: 0.131000 ms MarkObjects: 4.138459 ms  DeleteObjects: 1.739792 ms)

========================================================================
Received Prepare
AcceleratorClientConnectionCallback - disconnected - :0
WARNING: Shader Unsupported: 'Universal Render Pipeline/VR/SpatialMapping/Wireframe' - All subshaders removed
WARNING: Shader Did you use #pragma only_renderers and omit this platform?
WARNING: Shader If subshaders removal was intentional, you may have forgotten turning Fallback off?
Shader Hidden/ChartRasterizerHardware is not supported: GPU does not support conservative rasterization
Unloading 62 Unused Serialized files (Serialized files now loaded: 0)
Unloading 62 unused Assets / (5.1 MB). Loaded Objects now: 7466.
Memory consumption went from 178.0 MB to 172.9 MB.
Total: 5.290458 ms (FindLiveObjects: 0.285250 ms CreateObjectMapping: 0.056625 ms MarkObjects: 3.897958 ms  DeleteObjects: 0.965541 ms)

Prepare: number of updated asset objects reloaded= 0
========================================================================
Received Import Request.
  Time of request: 2026-09-20T11:16:20.254379Z
  Time since last request: 298359.72410724998917 seconds.
  importAddress: GUID: d243b4b03ae7444c6bb600eb675768dc - Path: Assets/S03 - Importer: PreviewImporter
Importing 'GUID: d243b4b03ae7444c6bb600eb675768dc - Path: Assets/S03 - Importer: PreviewImporter' with importer (PreviewImporter)
Imported 'GUID: d243b4b03ae7444c6bb600eb675768dc' -> (Import Result ID: 'cb705eb37ded075d91a78b4fdd15ab25') in 0.002 seconds [static and dynamic dependencies]. Details - ImportResultOutputID=6937c24d616a166fbe260f0ea8b79c0f DependenciesID=1ed62160c29b9b68353291f501fae6eb StaticDependenciesID=18ba26fafe34c18f5440ee12e8498e5d 
Number of updated asset objects reloaded before import = 0
Number of asset objects unloaded after import = 0
========================================================================
Received Import Request.
  Time of request: 2026-09-20T11:16:21.239857Z
  Time since last request: 0.975849 seconds.
  importAddress: GUID: d243b4b03ae7444c6bb600eb675768dc - Path: Assets/S03 - Importer: ScriptedImporter/UnityEditor.QuickSearchModule:UnityEditor.Search:ASIAI0B
Importing 'GUID: d243b4b03ae7444c6bb600eb675768dc - Path: Assets/S03 - Importer: ScriptedImporter/UnityEditor.QuickSearchModule:UnityEditor.Search:ASIAI0B' with importer (ScriptedImporter : UnityEditor.QuickSearchModule:UnityEditor.Search:ASIAI0B)
Imported 'GUID: d243b4b03ae7444c6bb600eb675768dc' -> (Import Result ID: 'e867a801199e6e0ffdd9bb19d8e85a9b') in 0.020 seconds [static and dynamic dependencies]. Details - ImportResultOutputID=695926939ebd3c8ab2ef8d4055ed2f49 DependenciesID=9423a9cb9b094c50a4c2e0ecb4c88b4f StaticDependenciesID=6ef87bc5078c7955ef2d03b27e628333 
Number of updated asset objects reloaded before import = 0
Number of asset objects unloaded after import = 1
========================================================================
Received Prepare
AcceleratorClientConnectionCallback - disconnected - :0
'Packages/com.unity.render-pipelines.core/Editor/Deprecated.cs' contains partial class of Unity.Object, exactly 1 of the partial classes needs to be in a file with the same filename. This is to know the one that can be referenced from ie. GameObjects
'Packages/com.unity.render-pipelines.core/Editor/Deprecated.cs' contains partial class of Unity.Object, exactly 1 of the partial classes needs to be in a file with the same filename. This is to know the one that can be referenced from ie. GameObjects
WARNING: Shader Unsupported: 'Universal Render Pipeline/VR/SpatialMapping/Wireframe' - All subshaders removed
WARNING: Shader Did you use #pragma only_renderers and omit this platform?
WARNING: Shader If subshaders removal was intentional, you may have forgotten turning Fallback off?
Shader Hidden/ChartRasterizerHardware is not supported: GPU does not support conservative rasterization
Unloading 62 Unused Serialized files (Serialized files now loaded: 0)
Unloading 6598 unused Assets / (7.1 MB). Loaded Objects now: 7468.
Memory consumption went from 182.2 MB to 175.1 MB.
Total: 6.224333 ms (FindLiveObjects: 0.582125 ms CreateObjectMapping: 0.220041 ms MarkObjects: 3.807167 ms  DeleteObjects: 1.529375 ms)

Prepare: number of updated asset objects reloaded= 0
========================================================================
Received Import Request.
  Time of request: 2026-09-20T11:16:26.173579Z
  Time since last request: 4.907478417 seconds.
  importAddress: GUID: 8a0c9218a650547d98138cd835033977 - Path: Assets/S03/TutorialInfo/Icons - Importer: ScriptedImporter/UnityEditor.QuickSearchModule:UnityEditor.Search:ASIAI0B
Importing 'GUID: 8a0c9218a650547d98138cd835033977 - Path: Assets/S03/TutorialInfo/Icons - Importer: ScriptedImporter/UnityEditor.QuickSearchModule:UnityEditor.Search:ASIAI0B' with importer (ScriptedImporter : UnityEditor.QuickSearchModule:UnityEditor.Search:ASIAI0B)
Imported 'GUID: 8a0c9218a650547d98138cd835033977' -> (Import Result ID: '206248e6598d9faf50fe34ad5257b3ae') in 0.001 seconds [static and dynamic dependencies]. Details - ImportResultOutputID=c48aba9f706a48212ce0461b8d93a1f1 DependenciesID=1d918e0d3ead3469df49bf85da3870e1 StaticDependenciesID=070b0c6aa92531d3bc021b96a922aa8d 
Number of updated asset objects reloaded before import = 0
Number of asset objects unloaded after import = 1
========================================================================
Received Import Request.
  Time of request: 2026-09-20T11:16:26.181865Z
  Time since last request: 0.000047791 seconds.
  importAddress: GUID: 69e7ab73923f93149821ac3a88b84856 - Path: Assets/S03/TutorialInfo/StyleSheets/ReadmeEditorLight.uss - Importer: ScriptedImporter/UnityEditor.QuickSearchModule:UnityEditor.Search:ASIAI0B
Importing 'GUID: 69e7ab73923f93149821ac3a88b84856 - Path: Assets/S03/TutorialInfo/StyleSheets/ReadmeEditorLight.uss - Importer: ScriptedImporter/UnityEditor.QuickSearchModule:UnityEditor.Search:ASIAI0B' with importer (ScriptedImporter : UnityEditor.QuickSearchModule:UnityEditor.Search:ASIAI0B)
Imported 'GUID: 69e7ab73923f93149821ac3a88b84856' -> (Import Result ID: '7a07afec44ccfce71dd4232d9682e5ea') in 0.029 seconds [static and dynamic dependencies]. Details - ImportResultOutputID=a4813d2f8c7457a87ce3cfb9947d4229 DependenciesID=7065b754e81b1bf952cbb1ae836908f2 StaticDependenciesID=8ee090c7842f9407858f95dc674a1c21 
Number of updated asset objects reloaded before import = 0
Number of asset objects unloaded after import = 1
========================================================================
Received Import Request.
  Time of request: 2026-09-20T11:16:26.218367Z
  Time since last request: 0.000082166 seconds.
  importAddress: GUID: 3ad9b87dffba344c89909c6d1b1c17e1 - Path: Assets/S03/TutorialInfo/Editor - Importer: ScriptedImporter/UnityEditor.QuickSearchModule:UnityEditor.Search:ASIAI0B
Importing 'GUID: 3ad9b87dffba344c89909c6d1b1c17e1 - Path: Assets/S03/TutorialInfo/Editor - Importer: ScriptedImporter/UnityEditor.QuickSearchModule:UnityEditor.Search:ASIAI0B' with importer (ScriptedImporter : UnityEditor.QuickSearchModule:UnityEditor.Search:ASIAI0B)
Imported 'GUID: 3ad9b87dffba344c89909c6d1b1c17e1' -> (Import Result ID: 'acbd6655f2baebcb86ea94eda66a469d') in 0.001 seconds [static and dynamic dependencies]. Details - ImportResultOutputID=f224cd3fdcea3007123c5b1985c65647 DependenciesID=6176fa1b90b7492f41914aa60276f6dc StaticDependenciesID=aaff4483484403a7139ea5b2a56dba15 
Number of updated asset objects reloaded before import = 0
Number of asset objects unloaded after import = 1
========================================================================
Received Import Request.
  Time of request: 2026-09-20T11:16:26.226229Z
  Time since last request: 0.000235333 seconds.
  importAddress: GUID: 709f11a7f3c4041caa4ef136ea32d874 - Path: Assets/S03/Settings - Importer: ScriptedImporter/UnityEditor.QuickSearchModule:UnityEditor.Search:ASIAI0B
Importing 'GUID: 709f11a7f3c4041caa4ef136ea32d874 - Path: Assets/S03/Settings - Importer: ScriptedImporter/UnityEditor.QuickSearchModule:UnityEditor.Search:ASIAI0B' with importer (ScriptedImporter : UnityEditor.QuickSearchModule:UnityEditor.Search:ASIAI0B)
Imported 'GUID: 709f11a7f3c4041caa4ef136ea32d874' -> (Import Result ID: 'bc73e144fa22a883db3bcb349459a993') in 0.001 seconds [static and dynamic dependencies]. Details - ImportResultOutputID=9a0358240913d115b047a7a4c931b110 DependenciesID=9f1ddb6a0815e50c08ab8e55a13e6551 StaticDependenciesID=aeb96c29ac1f9a68fa94a8f5f48b8f86 
Number of updated asset objects reloaded before import = 0
Number of asset objects unloaded after import = 1
========================================================================
Received Import Request.
  Time of request: 2026-09-20T11:16:26.234511Z
  Time since last request: 0.000394417 seconds.
  importAddress: GUID: ab09877e2e707104187f6f83e2f62510 - Path: Assets/S03/Settings/DefaultVolumeProfile.asset - Importer: ScriptedImporter/UnityEditor.QuickSearchModule:UnityEditor.Search:ASIAI0B
Importing 'GUID: ab09877e2e707104187f6f83e2f62510 - Path: Assets/S03/Settings/DefaultVolumeProfile.asset - Importer: ScriptedImporter/UnityEditor.QuickSearchModule:UnityEditor.Search:ASIAI0B' with importer (ScriptedImporter : UnityEditor.QuickSearchModule:UnityEditor.Search:ASIAI0B)
Imported 'GUID: ab09877e2e707104187f6f83e2f62510' -> (Import Result ID: 'bb2d152a250a88469a9e8530d61806dc') in 0.002 seconds [static and dynamic dependencies]. Details - ImportResultOutputID=286e3422d93fb1a5d1694446c13a66e5 DependenciesID=30062b599ea57f1906571e4697c4bd85 StaticDependenciesID=ab70e7b902bbdef883fa6353e2e7897b 
Number of updated asset objects reloaded before import = 0
Number of asset objects unloaded after import = 1
========================================================================
Received Import Request.
  Time of request: 2026-09-20T11:16:26.244161Z
  Time since last request: 0.000197458 seconds.
  importAddress: GUID: 5a9bcd70e6a4b4b05badaa72e827d8e0 - Path: Assets/S03/TutorialInfo/StyleSheets - Importer: ScriptedImporter/UnityEditor.QuickSearchModule:UnityEditor.Search:ASIAI0B
Importing 'GUID: 5a9bcd70e6a4b4b05badaa72e827d8e0 - Path: Assets/S03/TutorialInfo/StyleSheets - Importer: ScriptedImporter/UnityEditor.QuickSearchModule:UnityEditor.Search:ASIAI0B' with importer (ScriptedImporter : UnityEditor.QuickSearchModule:UnityEditor.Search:ASIAI0B)
Imported 'GUID: 5a9bcd70e6a4b4b05badaa72e827d8e0' -> (Import Result ID: '489a97b5a6c26add45eb2d1d1ea497cd') in 0.001 seconds [static and dynamic dependencies]. Details - ImportResultOutputID=ad731f97ec5157f12a2add25985f8f9e DependenciesID=b78c22bbac603cf97890cdd5c206987b StaticDependenciesID=0d9addccde7edf7c78a4e556b1176630 
Number of updated asset objects reloaded before import = 0
Number of asset objects unloaded after import = 1
========================================================================
Received Import Request.
  Time of request: 2026-09-20T11:16:26.251865Z
  Time since last request: 0.000127375 seconds.
  importAddress: GUID: 1f902e57f049a7f47986618de93f5ee1 - Path: Assets/S03/TutorialInfo/StyleSheets/ReadmeEditorDark.uss - Importer: ScriptedImporter/UnityEditor.QuickSearchModule:UnityEditor.Search:ASIAI0B
Importing 'GUID: 1f902e57f049a7f47986618de93f5ee1 - Path: Assets/S03/TutorialInfo/StyleSheets/ReadmeEditorDark.uss - Importer: ScriptedImporter/UnityEditor.QuickSearchModule:UnityEditor.Search:ASIAI0B' with importer (ScriptedImporter : UnityEditor.QuickSearchModule:UnityEditor.Search:ASIAI0B)
Imported 'GUID: 1f902e57f049a7f47986618de93f5ee1' -> (Import Result ID: '53219cf403fcb93547835cdd8656e658') in 0.002 seconds [static and dynamic dependencies]. Details - ImportResultOutputID=ca3cbdb01237148c8db89f2c9222a746 DependenciesID=ef33e24891c001c91fef04a762e85366 StaticDependenciesID=40eeed47c25f7911ba7abbe028b374ac 
Number of updated asset objects reloaded before import = 0
Number of asset objects unloaded after import = 1
========================================================================
Received Import Request.
  Time of request: 2026-09-20T11:16:26.260435Z
  Time since last request: 0.0001755 seconds.
  importAddress: GUID: f288ae1f4751b564a96ac7587541f7a2 - Path: Assets/S03/Settings/PC_Renderer.asset - Importer: ScriptedImporter/UnityEditor.QuickSearchModule:UnityEditor.Search:ASIAI0B
Importing 'GUID: f288ae1f4751b564a96ac7587541f7a2 - Path: Assets/S03/Settings/PC_Renderer.asset - Importer: ScriptedImporter/UnityEditor.QuickSearchModule:UnityEditor.Search:ASIAI0B' with importer (ScriptedImporter : UnityEditor.QuickSearchModule:UnityEditor.Search:ASIAI0B)
Imported 'GUID: f288ae1f4751b564a96ac7587541f7a2' -> (Import Result ID: '53d39682f406a548532bbc96ad4387ac') in 0.014 seconds [static and dynamic dependencies]. Details - ImportResultOutputID=3190212929df81c6ee25b61300c28a69 DependenciesID=c4c4aba756f7699d8f2e40885036a462 StaticDependenciesID=44cd59435bf8d71956ebe348a666c339 
Number of updated asset objects reloaded before import = 0
Number of asset objects unloaded after import = 1
========================================================================
Received Import Request.
  Time of request: 2026-09-20T11:16:26.281817Z
  Time since last request: 0.000232583 seconds.
  importAddress: GUID: 476cc7d7cd9874016adc216baab94a0a - Path: Assets/S03/TutorialInfo/Editor/ReadmeEditor.cs - Importer: ScriptedImporter/UnityEditor.QuickSearchModule:UnityEditor.Search:ASIAI0B
Importing 'GUID: 476cc7d7cd9874016adc216baab94a0a - Path: Assets/S03/TutorialInfo/Editor/ReadmeEditor.cs - Importer: ScriptedImporter/UnityEditor.QuickSearchModule:UnityEditor.Search:ASIAI0B' with importer (ScriptedImporter : UnityEditor.QuickSearchModule:UnityEditor.Search:ASIAI0B)
Imported 'GUID: 476cc7d7cd9874016adc216baab94a0a' -> (Import Result ID: 'c9c4f2a45d7acb327d5dcfa4bee330b1') in 0.005 seconds [static and dynamic dependencies]. Details - ImportResultOutputID=3abfd6074cdb1edf30bd612fb0f65f61 DependenciesID=12e84efbabe6036e615b3e42bd997be9 StaticDependenciesID=c315cf64e6beff3c36f872be974a499e 
Number of updated asset objects reloaded before import = 0
Number of asset objects unloaded after import = 0
========================================================================
Received Import Request.
  Time of request: 2026-09-20T11:16:26.294446Z
  Time since last request: 0.000503875 seconds.
  importAddress: GUID: 727a75301c3d24613a3ebcec4a24c2c8 - Path: Assets/S03/TutorialInfo/Icons/URP.png - Importer: ScriptedImporter/UnityEditor.QuickSearchModule:UnityEditor.Search:ASIAI0B
Importing 'GUID: 727a75301c3d24613a3ebcec4a24c2c8 - Path: Assets/S03/TutorialInfo/Icons/URP.png - Importer: ScriptedImporter/UnityEditor.QuickSearchModule:UnityEditor.Search:ASIAI0B' with importer (ScriptedImporter : UnityEditor.QuickSearchModule:UnityEditor.Search:ASIAI0B)
Imported 'GUID: 727a75301c3d24613a3ebcec4a24c2c8' -> (Import Result ID: 'a2205a7f3a644a83cee6ce083727a0ce') in 0.024 seconds [static and dynamic dependencies]. Details - ImportResultOutputID=4e0b81fbe15dc2d498b7da5a2bfeeb01 DependenciesID=873208b7e340f957cf75d0066166d871 StaticDependenciesID=b4263074613837617e94928885a17057 
Number of updated asset objects reloaded before import = 0
Number of asset objects unloaded after import = 1
========================================================================
Received Import Request.
  Time of request: 2026-09-20T11:16:26.325611Z
  Time since last request: 0.000189417 seconds.
  importAddress: GUID: 65bc7dbf4170f435aa868c779acfb082 - Path: Assets/S03/Settings/Mobile_Renderer.asset - Importer: ScriptedImporter/UnityEditor.QuickSearchModule:UnityEditor.Search:ASIAI0B
Importing 'GUID: 65bc7dbf4170f435aa868c779acfb082 - Path: Assets/S03/Settings/Mobile_Renderer.asset - Importer: ScriptedImporter/UnityEditor.QuickSearchModule:UnityEditor.Search:ASIAI0B' with importer (ScriptedImporter : UnityEditor.QuickSearchModule:UnityEditor.Search:ASIAI0B)
Imported 'GUID: 65bc7dbf4170f435aa868c779acfb082' -> (Import Result ID: 'f0a7d259eba8a7c3cb70ffb09152cec5') in 0.004 seconds [static and dynamic dependencies]. Details - ImportResultOutputID=692b16d6ae9bc9dc083d8a853b74a720 DependenciesID=b2459832119d58cee62e5c0868fc28b9 StaticDependenciesID=b54131b62d32bd74915f63b401879614 
Number of updated asset objects reloaded before import = 0
Number of asset objects unloaded after import = 1
========================================================================
Received Import Request.
  Time of request: 2026-09-20T11:16:26.338316Z
  Time since last request: 0.000244083 seconds.
  importAddress: GUID: 10fc4df2da32a41aaa32d77bc913491c - Path: Assets/S03/Settings/SampleSceneProfile.asset - Importer: ScriptedImporter/UnityEditor.QuickSearchModule:UnityEditor.Search:ASIAI0B
Importing 'GUID: 10fc4df2da32a41aaa32d77bc913491c - Path: Assets/S03/Settings/SampleSceneProfile.asset - Importer: ScriptedImporter/UnityEditor.QuickSearchModule:UnityEditor.Search:ASIAI0B' with importer (ScriptedImporter : UnityEditor.QuickSearchModule:UnityEditor.Search:ASIAI0B)
Imported 'GUID: 10fc4df2da32a41aaa32d77bc913491c' -> (Import Result ID: '3eef379c091ff967f1382439c1264509') in 0.001 seconds [static and dynamic dependencies]. Details - ImportResultOutputID=bcdac4856b4b7b8a34ae09db1263fad0 DependenciesID=49f0643f42bee111327578dd5afe8de7 StaticDependenciesID=03e0f380d0e013659de1fcd7c5e3a151 
Number of updated asset objects reloaded before import = 0
Number of asset objects unloaded after import = 1
========================================================================
Received Import Request.
  Time of request: 2026-09-20T11:16:26.346141Z
  Time since last request: 0.000151417 seconds.
  importAddress: GUID: d2c670ece470f4c4fa6712b8dc28a9bb - Path: Assets/S03/TutorialInfo/StyleSheets/ReadmeEditor.uss - Importer: ScriptedImporter/UnityEditor.QuickSearchModule:UnityEditor.Search:ASIAI0B
Importing 'GUID: d2c670ece470f4c4fa6712b8dc28a9bb - Path: Assets/S03/TutorialInfo/StyleSheets/ReadmeEditor.uss - Importer: ScriptedImporter/UnityEditor.QuickSearchModule:UnityEditor.Search:ASIAI0B' with importer (ScriptedImporter : UnityEditor.QuickSearchModule:UnityEditor.Search:ASIAI0B)
Imported 'GUID: d2c670ece470f4c4fa6712b8dc28a9bb' -> (Import Result ID: '22c06cc628d9ab4296f5cf23ec2d4fb5') in 0.001 seconds [static and dynamic dependencies]. Details - ImportResultOutputID=fe2f9e260cc039dc70f087e469a95bad DependenciesID=4f3b1783f98133611dedf6235477552f StaticDependenciesID=3d207405081daafd58a27159dd8703ba 
Number of updated asset objects reloaded before import = 0
Number of asset objects unloaded after import = 1
========================================================================
Received Prepare
AcceleratorClientConnectionCallback - disconnected - :0
Thread 0x402b1f000 may have been prematurely finalized
Begin MonoManager ReloadAssembly
ADTM: Control thread waiting for realtime thread timed out, have to lock...
'Packages/com.unity.render-pipelines.core/Editor/Deprecated.cs' contains partial class of Unity.Object, exactly 1 of the partial classes needs to be in a file with the same filename. This is to know the one that can be referenced from ie. GameObjects
'Packages/com.unity.render-pipelines.core/Editor/Deprecated.cs' contains partial class of Unity.Object, exactly 1 of the partial classes needs to be in a file with the same filename. This is to know the one that can be referenced from ie. GameObjects
Native extension for OSXStandalone target not found
Native extension for WebGL target not found
[Package Manager] Failed to launch server process. Reason: Unity was launched with the -noUpm command-line argument
[Package Manager] Unable to send message (not connected to server process).
[Package Manager] Cannot connect to Unity Package Manager local server
[Package Manager] Failed to launch server process. Reason: Unity was launched with the -noUpm command-line argument
[Package Manager] Unable to send message (not connected to server process).
[Package Manager] Cannot connect to Unity Package Manager local server
ScheduleIndexationOnStartup MainProcess:False IndexOnStartup:True
Scripting: successfully reloaded assembly
- Finished resetting the current domain, in  0.374 seconds
Domain Reload Profiling: 1804ms
	BeginReloadAssembly (1101ms)
		DisableScriptedObjects (4ms)
		CreateAndSetChildDomain (1025ms)
	RebuildCommonClasses (5ms)
	RebuildNativeTypeToScriptingClass (9ms)
	initialDomainReloadingComplete (28ms)
	LoadAllAssembliesAndSetupDomain (287ms)
		LoadAssemblies (155ms)
		TypeCache.Refresh (8ms)
		AnalyzeDomain (81ms)
			BuildScriptInfoCaches (77ms)
	FinalizeReload (375ms)
		SetupLoadedEditorAssemblies (0ms)
			BeforeProcessingInitializeOnLoad (50ms)
			ProcessInitializeOnLoadAttributes (125ms)
			ProcessInitializeOnLoadMethodAttributes (27ms)
		AwakeInstancesAfterBackupRestoration (8ms)
WARNING: Shader Unsupported: 'Universal Render Pipeline/VR/SpatialMapping/Wireframe' - All subshaders removed
WARNING: Shader Did you use #pragma only_renderers and omit this platform?
WARNING: Shader If subshaders removal was intentional, you may have forgotten turning Fallback off?
Shader Hidden/ChartRasterizerHardware is not supported: GPU does not support conservative rasterization
Unloading 61 Unused Serialized files (Serialized files now loaded: 0)
Unloading 6608 unused Assets / (7.2 MB). Loaded Objects now: 7519.
Memory consumption went from 200.9 MB to 193.7 MB.
Total: 5.868500 ms (FindLiveObjects: 0.496125 ms CreateObjectMapping: 0.137875 ms MarkObjects: 3.965791 ms  DeleteObjects: 1.175417 ms)

Prepare: number of updated asset objects reloaded= 0
