
Server arguments:
  --memory-size 1073741824
  --shared-postfix 59fe54e4b4a260e8ddb3de6d589cd8cc
  --working-directory Library/DataStore
  --silent-console
  --shutdown-grace 0
  --client-process-check 0
  --uds-log-file /Users/yujinahn/Documents/GitHub/CG_2528016/S03/Logs/UDS-Service.log
  --debug-log 2
  -name Unity.DataStore

Initialising UDS system complete:
  - System type: Service
  - Resource namespace: 59fe54e4b4a260e8ddb3de6d589cd8cc
  - Shared memory size: 1073741824
  - Command buffer id: 1052672
  - Command buffer size: 8192
  - Hashmap size: 4194304
Starting Unity Data Store Application
[Error] Failed to free block of size 3978 - size delta was 46!
 #2 free_block(ushared_memory_pool*, unsigned long, unsigned long)
 #3 ushared_memory_pool_free(ushared_memory_pool*, upool_reference)
 #4 uds_evict_stale_entries(uds_system_t*, long, unsigned long*, unsigned long)
 #5 GarbageCollector::Collect(uds_system_t*, long)
 #6 GarbageCollector::ThreadFunction()
 #7 uds::ThreadedBase::StaticThreadWrapper(void*)
 #8 Thread::RunThreadWrapper(void*)
 #9 _pthread_start
 #10 thread_start

[Error] Failed to free block of size 2055 - size delta was 41!
 #2 free_block(ushared_memory_pool*, unsigned long, unsigned long)
 #3 ushared_memory_pool_free(ushared_memory_pool*, upool_reference)
 #4 uds_evict_stale_entries(uds_system_t*, long, unsigned long*, unsigned long)
 #5 GarbageCollector::Collect(uds_system_t*, long)
 #6 GarbageCollector::ThreadFunction()
 #7 uds::ThreadedBase::StaticThreadWrapper(void*)
 #8 Thread::RunThreadWrapper(void*)
 #9 _pthread_start
 #10 thread_start

[Error] Failed to free block of size 2223 - size delta was 41!
 #2 free_block(ushared_memory_pool*, unsigned long, unsigned long)
 #3 ushared_memory_pool_free(ushared_memory_pool*, upool_reference)
 #4 uds_evict_stale_entries(uds_system_t*, long, unsigned long*, unsigned long)
 #5 GarbageCollector::Collect(uds_system_t*, long)
 #6 GarbageCollector::ThreadFunction()
 #7 uds::ThreadedBase::StaticThreadWrapper(void*)
 #8 Thread::RunThreadWrapper(void*)
 #9 _pthread_start
 #10 thread_start

Unity Data Store Application Complete
[Warning] Shutting down service while there are still connected clients, client count = 2
Shut down UDS service system complete
