
Server arguments:
  --memory-size 1073741824
  --shared-postfix 92bdc07443218ee79a9a77e77426e512
  --working-directory Library/DataStore
  --silent-console
  --shutdown-grace 0
  --client-process-check 0
  --uds-log-file /Users/yujinahn/02HW/Logs/UDS-Service.log
  --debug-log 2
  -name Unity.DataStore

Initialising UDS system complete:
  - System type: Service
  - Resource namespace: 92bdc07443218ee79a9a77e77426e512
  - Shared memory size: 1073741824
  - Command buffer id: 1052672
  - Command buffer size: 8192
  - Hashmap size: 4194304
Starting Unity Data Store Application
Unity Data Store Application Complete
[Warning] Shutting down service while there are still connected clients, client count = 2
Shut down UDS service system complete
